
salut

